// Jest Snapshot v1, https://goo.gl/fbAQLP

exports[`test the render of the Quote page 1`] = `
<div
  className="midd"
>
  <h1>
    Quote of the day
  </h1>
  <p>
    This simple calculator is made with react.The project ensures proper use of routing in react
  </p>
</div>
`;
