// Jest Snapshot v1, https://goo.gl/fbAQLP

exports[`Test Display component with snapshot Renders Display component correctly 1`] = `
<h2>
  100
</h2>
`;
